Archive member included to satisfy reference by file (symbol)

c:/tools/bin/../lib/gcc/msp430-elf/9.3.1/430\libgcc.a(epilogue.o)
                              build/obj/src/drivers/io.o (__mspabi_func_epilog_2)
c:/tools/bin/../lib/gcc/msp430-elf/9.3.1/430\libgcc.a(slli.o)
                              build/obj/src/drivers/io.o (__mspabi_slli)
c:/tools/bin/../lib/gcc/msp430-elf/9.3.1/430\libgcc.a(srli.o)
                              build/obj/src/main.o (__mspabi_srli_15)
c:/tools/bin/../lib/gcc/msp430-elf/9.3.1/../../../../msp430-elf/lib/430\libcrt.a(crt_main.o)
                              c:/tools/bin/../lib/gcc/msp430-elf/9.3.1/../../../../msp430-elf/lib/430/crt0.o (__crt0_call_main)

Discarded input sections

 .text          0x00000000        0x0 c:/tools/bin/../lib/gcc/msp430-elf/9.3.1/../../../../msp430-elf/lib/430/crt0.o
 .data          0x00000000        0x0 c:/tools/bin/../lib/gcc/msp430-elf/9.3.1/../../../../msp430-elf/lib/430/crt0.o
 .bss           0x00000000        0x0 c:/tools/bin/../lib/gcc/msp430-elf/9.3.1/../../../../msp430-elf/lib/430/crt0.o
 .text          0x00000000        0x0 c:/tools/bin/../lib/gcc/msp430-elf/9.3.1/430/crtbegin_no_eh.o
 .data          0x00000000        0x0 c:/tools/bin/../lib/gcc/msp430-elf/9.3.1/430/crtbegin_no_eh.o
 .bss           0x00000000        0x0 c:/tools/bin/../lib/gcc/msp430-elf/9.3.1/430/crtbegin_no_eh.o
 .comment       0x00000000       0x3a c:/tools/bin/../lib/gcc/msp430-elf/9.3.1/430/crtbegin_no_eh.o
 .data          0x00000000        0x0 build/obj/src/main.o
 .bss           0x00000000        0x0 build/obj/src/main.o
 .data          0x00000000        0x0 build/obj/src/drivers/io.o
 .bss           0x00000000        0x0 build/obj/src/drivers/io.o
 .data          0x00000000        0x0 build/obj/src/drivers/mcu_init.o
 .bss           0x00000000        0x0 build/obj/src/drivers/mcu_init.o
 .data          0x00000000        0x0 c:/tools/bin/../lib/gcc/msp430-elf/9.3.1/430\libgcc.a(epilogue.o)
 .bss           0x00000000        0x0 c:/tools/bin/../lib/gcc/msp430-elf/9.3.1/430\libgcc.a(epilogue.o)
 .text          0x00000000        0x0 c:/tools/bin/../lib/gcc/msp430-elf/9.3.1/430\libgcc.a(slli.o)
 .data          0x00000000        0x0 c:/tools/bin/../lib/gcc/msp430-elf/9.3.1/430\libgcc.a(slli.o)
 .bss           0x00000000        0x0 c:/tools/bin/../lib/gcc/msp430-elf/9.3.1/430\libgcc.a(slli.o)
 .text.__mspabi_slli_n
                0x00000000       0x20 c:/tools/bin/../lib/gcc/msp430-elf/9.3.1/430\libgcc.a(slli.o)
 .text.__mspabi_slll_n
                0x00000000       0x3e c:/tools/bin/../lib/gcc/msp430-elf/9.3.1/430\libgcc.a(slli.o)
 .text.__mspabi_slll
                0x00000000        0xc c:/tools/bin/../lib/gcc/msp430-elf/9.3.1/430\libgcc.a(slli.o)
 .text.__mspabi_sllll
                0x00000000       0x1e c:/tools/bin/../lib/gcc/msp430-elf/9.3.1/430\libgcc.a(slli.o)
 .text          0x00000000        0x0 c:/tools/bin/../lib/gcc/msp430-elf/9.3.1/430\libgcc.a(srli.o)
 .data          0x00000000        0x0 c:/tools/bin/../lib/gcc/msp430-elf/9.3.1/430\libgcc.a(srli.o)
 .bss           0x00000000        0x0 c:/tools/bin/../lib/gcc/msp430-elf/9.3.1/430\libgcc.a(srli.o)
 .text.__mspabi_srli
                0x00000000        0xc c:/tools/bin/../lib/gcc/msp430-elf/9.3.1/430\libgcc.a(srli.o)
 .text.__mspabi_srll_n
                0x00000000       0x5c c:/tools/bin/../lib/gcc/msp430-elf/9.3.1/430\libgcc.a(srli.o)
 .text.__mspabi_srll
                0x00000000        0xe c:/tools/bin/../lib/gcc/msp430-elf/9.3.1/430\libgcc.a(srli.o)
 .text.__mspabi_srlll
                0x00000000       0x20 c:/tools/bin/../lib/gcc/msp430-elf/9.3.1/430\libgcc.a(srli.o)
 .text          0x00000000        0x0 c:/tools/bin/../lib/gcc/msp430-elf/9.3.1/../../../../msp430-elf/lib/430\libcrt.a(crt_main.o)
 .data          0x00000000        0x0 c:/tools/bin/../lib/gcc/msp430-elf/9.3.1/../../../../msp430-elf/lib/430\libcrt.a(crt_main.o)
 .bss           0x00000000        0x0 c:/tools/bin/../lib/gcc/msp430-elf/9.3.1/../../../../msp430-elf/lib/430\libcrt.a(crt_main.o)
 .text          0x00000000        0x0 c:/tools/bin/../lib/gcc/msp430-elf/9.3.1/430/crtend_no_eh.o
 .data          0x00000000        0x0 c:/tools/bin/../lib/gcc/msp430-elf/9.3.1/430/crtend_no_eh.o
 .bss           0x00000000        0x0 c:/tools/bin/../lib/gcc/msp430-elf/9.3.1/430/crtend_no_eh.o
 .comment       0x00000000       0x3a c:/tools/bin/../lib/gcc/msp430-elf/9.3.1/430/crtend_no_eh.o

Memory Configuration

Name             Origin             Length             Attributes
SFR              0x00000000         0x00000010
RAM              0x00000200         0x00000200
INFOMEM          0x00001000         0x00000100
INFOA            0x000010c0         0x00000040
INFOB            0x00001080         0x00000040
INFOC            0x00001040         0x00000040
INFOD            0x00001000         0x00000040
ROM              0x0000c000         0x00003fde         xr
BSLSIGNATURE     0x0000ffde         0x00000002
VECT1            0x0000ffe0         0x00000002
VECT2            0x0000ffe2         0x00000002
VECT3            0x0000ffe4         0x00000002
VECT4            0x0000ffe6         0x00000002
VECT5            0x0000ffe8         0x00000002
VECT6            0x0000ffea         0x00000002
VECT7            0x0000ffec         0x00000002
VECT8            0x0000ffee         0x00000002
VECT9            0x0000fff0         0x00000002
VECT10           0x0000fff2         0x00000002
VECT11           0x0000fff4         0x00000002
VECT12           0x0000fff6         0x00000002
VECT13           0x0000fff8         0x00000002
VECT14           0x0000fffa         0x00000002
VECT15           0x0000fffc         0x00000002
RESETVEC         0x0000fffe         0x00000002
*default*        0x00000000         0xffffffff

Linker script and memory map

LOAD c:/tools/bin/../lib/gcc/msp430-elf/9.3.1/../../../../msp430-elf/lib/430/crt0.o
LOAD c:/tools/bin/../lib/gcc/msp430-elf/9.3.1/430/crtbegin_no_eh.o
LOAD build/obj/src/main.o
LOAD build/obj/src/drivers/io.o
LOAD build/obj/src/drivers/mcu_init.o
LOAD c:/tools/bin/../lib/gcc/msp430-elf/9.3.1/430\libgcc.a
START GROUP
LOAD c:/tools/bin/../lib/gcc/msp430-elf/9.3.1/430\libmul_none.a
LOAD c:/tools/bin/../lib/gcc/msp430-elf/9.3.1/../../../../msp430-elf/lib/430\libc.a
LOAD c:/tools/bin/../lib/gcc/msp430-elf/9.3.1/430\libgcc.a
LOAD c:/tools/bin/../lib/gcc/msp430-elf/9.3.1/../../../../msp430-elf/lib/430\libcrt.a
LOAD c:/tools/bin/../lib/gcc/msp430-elf/9.3.1/../../../../msp430-elf/lib/430\libnosys.a
END GROUP
LOAD c:/tools/bin/../lib/gcc/msp430-elf/9.3.1/430\libgcc.a
LOAD c:/tools/bin/../lib/gcc/msp430-elf/9.3.1/430/crtend_no_eh.o
LOAD c:/tools/bin/../lib/gcc/msp430-elf/9.3.1/430\libgcc.a

.bslsignature

__interrupt_vector_1
 *(__interrupt_vector_1)
 *(__interrupt_vector_trapint)

__interrupt_vector_2
 *(__interrupt_vector_2)

__interrupt_vector_3
 *(__interrupt_vector_3)
 *(__interrupt_vector_port1)

__interrupt_vector_4
 *(__interrupt_vector_4)
 *(__interrupt_vector_port2)

__interrupt_vector_5
 *(__interrupt_vector_5)

__interrupt_vector_6
 *(__interrupt_vector_6)
 *(__interrupt_vector_adc10)

__interrupt_vector_7
 *(__interrupt_vector_7)
 *(__interrupt_vector_usciab0tx)

__interrupt_vector_8
 *(__interrupt_vector_8)
 *(__interrupt_vector_usciab0rx)

__interrupt_vector_9
 *(__interrupt_vector_9)
 *(__interrupt_vector_timer0_a1)

__interrupt_vector_10
 *(__interrupt_vector_10)
 *(__interrupt_vector_timer0_a0)

__interrupt_vector_11
 *(__interrupt_vector_11)
 *(__interrupt_vector_wdt)

__interrupt_vector_12
 *(__interrupt_vector_12)
 *(__interrupt_vector_comparatora)

__interrupt_vector_13
 *(__interrupt_vector_13)
 *(__interrupt_vector_timer1_a1)

__interrupt_vector_14
 *(__interrupt_vector_14)
 *(__interrupt_vector_timer1_a0)

__interrupt_vector_15
 *(__interrupt_vector_15)
 *(__interrupt_vector_nmi)

__reset_vector  0x0000fffe        0x2
 *(__interrupt_vector_16)
 *(__interrupt_vector_reset)
 *(.resetvec)
 .resetvec      0x0000fffe        0x2 c:/tools/bin/../lib/gcc/msp430-elf/9.3.1/../../../../msp430-elf/lib/430/crt0.o

.rodata         0x0000c000       0x98
                0x0000c000                . = ALIGN (0x2)
 *(.plt)
 *(.rodata .rodata.* .gnu.linkonce.r.* .const .const:*)
 .rodata        0x0000c000       0x98 build/obj/src/drivers/io.o
 *(.rodata1)
 *(.gcc_except_table)
 *(.gcc_except_table.*)

.rodata2        0x0000c098        0x0
                0x0000c098                . = ALIGN (0x2)
                [!provide]                PROVIDE (__preinit_array_start = .)
 *(.preinit_array)
                [!provide]                PROVIDE (__preinit_array_end = .)
                0x0000c098                . = ALIGN (0x2)
                [!provide]                PROVIDE (__init_array_start = .)
 *(SORT_BY_NAME(.init_array.*))
 *(.init_array)
                [!provide]                PROVIDE (__init_array_end = .)
                0x0000c098                . = ALIGN (0x2)
                [!provide]                PROVIDE (__fini_array_start = .)
 *(.fini_array)
 *(SORT_BY_NAME(.fini_array.*))
                [!provide]                PROVIDE (__fini_array_end = .)
                0x0000c098                . = ALIGN (0x2)
 *(.eh_frame_hdr)
 *(.eh_frame)
 *crtbegin*.o(.ctors)
 *(EXCLUDE_FILE(*crtend*.o) .ctors)
 *(SORT_BY_NAME(.ctors.*))
 *(.ctors)
 *crtbegin*.o(.dtors)
 *(EXCLUDE_FILE(*crtend*.o) .dtors)
 *(SORT_BY_NAME(.dtors.*))
 *(.dtors)

.text           0x0000c098      0x2d6
                0x0000c098                . = ALIGN (0x2)
                0x0000c098                PROVIDE (_start = .)
 *(SORT_BY_NAME(.crt_*))
 .crt_0000start
                0x0000c098        0x4 c:/tools/bin/../lib/gcc/msp430-elf/9.3.1/../../../../msp430-elf/lib/430/crt0.o
                0x0000c098                __crt0_start
 .crt_0800call_main
                0x0000c09c        0x6 c:/tools/bin/../lib/gcc/msp430-elf/9.3.1/../../../../msp430-elf/lib/430\libcrt.a(crt_main.o)
                0x0000c09c                __crt0_call_main
 *(.lowtext .text .stub .text.* .gnu.linkonce.t.* .text:*)
 .text          0x0000c0a2       0x64 build/obj/src/main.o
                0x0000c0fe                main
 .text          0x0000c106      0x202 build/obj/src/drivers/io.o
                0x0000c106                io_set_select
                0x0000c1a0                io_set_direction
                0x0000c1ea                io_set_resistor
                0x0000c232                io_set_out
                0x0000c27a                io_configure
                0x0000c2a8                io_init
                0x0000c2ce                io_get_input
 .text          0x0000c308        0xe build/obj/src/drivers/mcu_init.o
                0x0000c310                mcu_init
 .text          0x0000c316       0x10 c:/tools/bin/../lib/gcc/msp430-elf/9.3.1/430\libgcc.a(epilogue.o)
                0x0000c316                __mspabi_func_epilog_7
                0x0000c318                __mspabi_func_epilog_6
                0x0000c31a                __mspabi_func_epilog_5
                0x0000c31c                __mspabi_func_epilog_4
                0x0000c31e                __mspabi_func_epilog_3
                0x0000c320                __mspabi_func_epilog_2
                0x0000c322                __mspabi_func_epilog_1
 .text.__mspabi_slli
                0x0000c326        0xa c:/tools/bin/../lib/gcc/msp430-elf/9.3.1/430\libgcc.a(slli.o)
                0x0000c32a                __mspabi_slli
 .text.__mspabi_srli_n
                0x0000c330       0x3e c:/tools/bin/../lib/gcc/msp430-elf/9.3.1/430\libgcc.a(srli.o)
                0x0000c330                __mspabi_srli_15
                0x0000c334                __mspabi_srli_14
                0x0000c338                __mspabi_srli_13
                0x0000c33c                __mspabi_srli_12
                0x0000c340                __mspabi_srli_11
                0x0000c344                __mspabi_srli_10
                0x0000c348                __mspabi_srli_9
                0x0000c34c                __mspabi_srli_8
                0x0000c350                __mspabi_srli_7
                0x0000c354                __mspabi_srli_6
                0x0000c358                __mspabi_srli_5
                0x0000c35c                __mspabi_srli_4
                0x0000c360                __mspabi_srli_3
                0x0000c364                __mspabi_srli_2
                0x0000c368                __mspabi_srli_1
 *(.text.*personality*)
 *(.gnu.warning)
 *(.interp .hash .dynsym .dynstr .gnu.version*)
                [!provide]                PROVIDE (__etext = .)
                [!provide]                PROVIDE (_etext = .)
                [!provide]                PROVIDE (etext = .)
                0x0000c36e                . = ALIGN (0x2)
 *(.init)
 *(.fini)
 *(.tm_clone_table)

.data           0x00000200        0x0 load address 0x0000c36e
                0x00000200                . = ALIGN (0x2)
                [!provide]                PROVIDE (__datastart = .)
 *(.jcr)
 *(.data.rel.ro.local)
 *(.data.rel.ro*)
 *(.dynamic)
 *(.data .data.* .gnu.linkonce.d.*)
 *(.gnu.linkonce.d.*personality*)
 *(.data1)
 *(.got.plt)
 *(.got)
                0x00000200                . = ALIGN (0x2)
 *(.sdata .sdata.* .gnu.linkonce.s.* D_2 D_1)
                0x00000200                . = ALIGN (0x2)
                0x00000200                _edata = .
                [!provide]                PROVIDE (edata = .)
                [!provide]                PROVIDE (__dataend = .)
                [!provide]                PROVIDE (__romdatastart = LOADADDR (.data))
                [!provide]                PROVIDE (__romdatacopysize = SIZEOF (.data))

.bss            0x00000200        0x0 load address 0x0000c36e
                0x00000200                . = ALIGN (0x2)
                [!provide]                PROVIDE (__bssstart = .)
 *(.dynbss)
 *(.sbss .sbss.*)
 *(.bss .bss.* .gnu.linkonce.b.*)
                0x00000200                . = ALIGN (0x2)
 *(COMMON)
                [!provide]                PROVIDE (__bssend = .)
                [!provide]                PROVIDE (__bsssize = SIZEOF (.bss))

.noinit         0x00000200        0x0 load address 0x0000c36e
                0x00000200                . = ALIGN (0x2)
                [!provide]                PROVIDE (__noinit_start = .)
 *(.noinit)
                0x00000200                . = ALIGN (0x2)
                [!provide]                PROVIDE (__noinit_end = .)
                0x00000200                end = .

.heap           0x00000200        0x4 load address 0x0000c36e
                0x00000200                . = ALIGN (0x2)
                0x00000200                __heap_start__ = .
                0x00000200                _end = __heap_start__
                [!provide]                PROVIDE (end = .)
 *(.heap)
                0x00000200                _end = .
                [!provide]                PROVIDE (end = .)
                0x00000200        0x4 LONG 0x0
                0x00000204                __heap_end__ = .
                0x00000204                __HeapLimit = __heap_end__

.stack          0x00000400        0x0
                0x00000400                PROVIDE (__stack = .)
 *(.stack)

.infoA

.infoB

.infoC

.infoD

.MSP430.attributes
                0x00000000       0x17
 *(.MSP430.attributes)
 .MSP430.attributes
                0x00000000       0x17 c:/tools/bin/../lib/gcc/msp430-elf/9.3.1/../../../../msp430-elf/lib/430/crt0.o
 .MSP430.attributes
                0x00000017       0x17 c:/tools/bin/../lib/gcc/msp430-elf/9.3.1/430/crtbegin_no_eh.o
 .MSP430.attributes
                0x0000002e       0x17 build/obj/src/main.o
 .MSP430.attributes
                0x00000045       0x17 build/obj/src/drivers/io.o
 .MSP430.attributes
                0x0000005c       0x17 build/obj/src/drivers/mcu_init.o
 .MSP430.attributes
                0x00000073       0x17 c:/tools/bin/../lib/gcc/msp430-elf/9.3.1/430\libgcc.a(epilogue.o)
 .MSP430.attributes
                0x0000008a       0x17 c:/tools/bin/../lib/gcc/msp430-elf/9.3.1/430\libgcc.a(slli.o)
 .MSP430.attributes
                0x000000a1       0x17 c:/tools/bin/../lib/gcc/msp430-elf/9.3.1/430\libgcc.a(srli.o)
 .MSP430.attributes
                0x000000b8       0x17 c:/tools/bin/../lib/gcc/msp430-elf/9.3.1/../../../../msp430-elf/lib/430\libcrt.a(crt_main.o)
 .MSP430.attributes
                0x000000cf       0x17 c:/tools/bin/../lib/gcc/msp430-elf/9.3.1/430/crtend_no_eh.o
 *(.gnu.attributes)
 *(__TI_build_attributes)

.stab
 *(.stab)

.stabstr
 *(.stabstr)

.stab.excl
 *(.stab.excl)

.stab.exclstr
 *(.stab.exclstr)

.stab.index
 *(.stab.index)

.stab.indexstr
 *(.stab.indexstr)

.comment        0x00000000       0x39
 *(.comment)
 .comment       0x00000000       0x39 build/obj/src/main.o
                                 0x3a (size before relaxing)
 .comment       0x00000039       0x3a build/obj/src/drivers/io.o
 .comment       0x00000039       0x3a build/obj/src/drivers/mcu_init.o

.debug
 *(.debug)

.line
 *(.line)

.debug_srcinfo
 *(.debug_srcinfo)

.debug_sfnames
 *(.debug_sfnames)

.debug_aranges  0x00000000       0x60
 *(.debug_aranges)
 .debug_aranges
                0x00000000       0x20 build/obj/src/main.o
 .debug_aranges
                0x00000020       0x20 build/obj/src/drivers/io.o
 .debug_aranges
                0x00000040       0x20 build/obj/src/drivers/mcu_init.o

.debug_pubnames
 *(.debug_pubnames)

.debug_info     0x00000000     0x1946
 *(.debug_info .gnu.linkonce.wi.*)
 .debug_info    0x00000000      0x77c build/obj/src/main.o
 .debug_info    0x0000077c      0xc6b build/obj/src/drivers/io.o
 .debug_info    0x000013e7      0x55f build/obj/src/drivers/mcu_init.o

.debug_abbrev   0x00000000      0x450
 *(.debug_abbrev)
 .debug_abbrev  0x00000000      0x185 build/obj/src/main.o
 .debug_abbrev  0x00000185      0x22d build/obj/src/drivers/io.o
 .debug_abbrev  0x000003b2       0x9e build/obj/src/drivers/mcu_init.o

.debug_line     0x00000000      0x6ad
 *(.debug_line .debug_line.* .debug_line_end)
 .debug_line    0x00000000      0x125 build/obj/src/main.o
 .debug_line    0x00000125      0x4ee build/obj/src/drivers/io.o
 .debug_line    0x00000613       0x9a build/obj/src/drivers/mcu_init.o

.debug_frame    0x00000000      0x1d4
 *(.debug_frame)
 .debug_frame   0x00000000       0x54 build/obj/src/main.o
 .debug_frame   0x00000054      0x14c build/obj/src/drivers/io.o
 .debug_frame   0x000001a0       0x34 build/obj/src/drivers/mcu_init.o

.debug_str      0x00000000      0x755
 *(.debug_str)
 .debug_str     0x00000000      0x58f build/obj/src/main.o
                                0x5b6 (size before relaxing)
 .debug_str     0x0000058f      0x1a1 build/obj/src/drivers/io.o
                                0x754 (size before relaxing)
 .debug_str     0x00000730       0x25 build/obj/src/drivers/mcu_init.o
                                0x3d9 (size before relaxing)

.debug_loc      0x00000000      0x4b9
 *(.debug_loc)
 .debug_loc     0x00000000       0x1f build/obj/src/main.o
 .debug_loc     0x0000001f      0x49a build/obj/src/drivers/io.o

.debug_macinfo
 *(.debug_macinfo)

.debug_weaknames
 *(.debug_weaknames)

.debug_funcnames
 *(.debug_funcnames)

.debug_typenames
 *(.debug_typenames)

.debug_varnames
 *(.debug_varnames)

.debug_pubtypes
 *(.debug_pubtypes)

.debug_ranges
 *(.debug_ranges)

.debug_macro
 *(.debug_macro)

/DISCARD/
 *(.note.GNU-stack)
                [!provide]                PROVIDE (IE1 = 0x0)
                [!provide]                PROVIDE (IFG1 = 0x2)
                [!provide]                PROVIDE (IE2 = 0x1)
                [!provide]                PROVIDE (IFG2 = 0x3)
                [!provide]                PROVIDE (ADC10DTC0 = 0x48)
                [!provide]                PROVIDE (ADC10DTC1 = 0x49)
                [!provide]                PROVIDE (ADC10AE0 = 0x4a)
                [!provide]                PROVIDE (ADC10CTL0 = 0x1b0)
                [!provide]                PROVIDE (ADC10CTL1 = 0x1b2)
                [!provide]                PROVIDE (ADC10MEM = 0x1b4)
                [!provide]                PROVIDE (ADC10SA = 0x1bc)
                [!provide]                PROVIDE (DCOCTL = 0x56)
                [!provide]                PROVIDE (BCSCTL1 = 0x57)
                [!provide]                PROVIDE (BCSCTL2 = 0x58)
                [!provide]                PROVIDE (BCSCTL3 = 0x53)
                [!provide]                PROVIDE (CACTL1 = 0x59)
                [!provide]                PROVIDE (CACTL2 = 0x5a)
                [!provide]                PROVIDE (CAPD = 0x5b)
                [!provide]                PROVIDE (FCTL1 = 0x128)
                [!provide]                PROVIDE (FCTL2 = 0x12a)
                [!provide]                PROVIDE (FCTL3 = 0x12c)
                0x00000020                PROVIDE (P1IN = 0x20)
                0x00000021                PROVIDE (P1OUT = 0x21)
                0x00000022                PROVIDE (P1DIR = 0x22)
                [!provide]                PROVIDE (P1IFG = 0x23)
                [!provide]                PROVIDE (P1IES = 0x24)
                [!provide]                PROVIDE (P1IE = 0x25)
                0x00000026                PROVIDE (P1SEL = 0x26)
                0x00000041                PROVIDE (P1SEL2 = 0x41)
                0x00000027                PROVIDE (P1REN = 0x27)
                0x00000028                PROVIDE (P2IN = 0x28)
                0x00000029                PROVIDE (P2OUT = 0x29)
                0x0000002a                PROVIDE (P2DIR = 0x2a)
                [!provide]                PROVIDE (P2IFG = 0x2b)
                [!provide]                PROVIDE (P2IES = 0x2c)
                [!provide]                PROVIDE (P2IE = 0x2d)
                0x0000002e                PROVIDE (P2SEL = 0x2e)
                0x00000042                PROVIDE (P2SEL2 = 0x42)
                0x0000002f                PROVIDE (P2REN = 0x2f)
                [!provide]                PROVIDE (P3IN = 0x18)
                [!provide]                PROVIDE (P3OUT = 0x19)
                [!provide]                PROVIDE (P3DIR = 0x1a)
                [!provide]                PROVIDE (P3SEL = 0x1b)
                [!provide]                PROVIDE (P3SEL2 = 0x43)
                [!provide]                PROVIDE (P3REN = 0x10)
                [!provide]                PROVIDE (TA0IV = 0x12e)
                [!provide]                PROVIDE (TA0CTL = 0x160)
                [!provide]                PROVIDE (TA0CCTL0 = 0x162)
                [!provide]                PROVIDE (TA0CCTL1 = 0x164)
                [!provide]                PROVIDE (TA0CCTL2 = 0x166)
                [!provide]                PROVIDE (TA0R = 0x170)
                [!provide]                PROVIDE (TA0CCR0 = 0x172)
                [!provide]                PROVIDE (TA0CCR1 = 0x174)
                [!provide]                PROVIDE (TA0CCR2 = 0x176)
                [!provide]                PROVIDE (TA1IV = 0x11e)
                [!provide]                PROVIDE (TA1CTL = 0x180)
                [!provide]                PROVIDE (TA1CCTL0 = 0x182)
                [!provide]                PROVIDE (TA1CCTL1 = 0x184)
                [!provide]                PROVIDE (TA1CCTL2 = 0x186)
                [!provide]                PROVIDE (TA1R = 0x190)
                [!provide]                PROVIDE (TA1CCR0 = 0x192)
                [!provide]                PROVIDE (TA1CCR1 = 0x194)
                [!provide]                PROVIDE (TA1CCR2 = 0x196)
                [!provide]                PROVIDE (UCA0CTL0 = 0x60)
                [!provide]                PROVIDE (UCA0CTL1 = 0x61)
                [!provide]                PROVIDE (UCA0BR0 = 0x62)
                [!provide]                PROVIDE (UCA0BR1 = 0x63)
                [!provide]                PROVIDE (UCA0MCTL = 0x64)
                [!provide]                PROVIDE (UCA0STAT = 0x65)
                [!provide]                PROVIDE (UCA0RXBUF = 0x66)
                [!provide]                PROVIDE (UCA0TXBUF = 0x67)
                [!provide]                PROVIDE (UCA0ABCTL = 0x5d)
                [!provide]                PROVIDE (UCA0IRTCTL = 0x5e)
                [!provide]                PROVIDE (UCA0IRRCTL = 0x5f)
                [!provide]                PROVIDE (UCB0CTL0 = 0x68)
                [!provide]                PROVIDE (UCB0CTL1 = 0x69)
                [!provide]                PROVIDE (UCB0BR0 = 0x6a)
                [!provide]                PROVIDE (UCB0BR1 = 0x6b)
                [!provide]                PROVIDE (UCB0I2CIE = 0x6c)
                [!provide]                PROVIDE (UCB0STAT = 0x6d)
                [!provide]                PROVIDE (UCB0RXBUF = 0x6e)
                [!provide]                PROVIDE (UCB0TXBUF = 0x6f)
                [!provide]                PROVIDE (UCB0I2COA = 0x118)
                [!provide]                PROVIDE (UCB0I2CSA = 0x11a)
                0x00000120                PROVIDE (WDTCTL = 0x120)
                [!provide]                PROVIDE (CALDCO_16MHZ = 0x10f8)
                [!provide]                PROVIDE (CALBC1_16MHZ = 0x10f9)
                [!provide]                PROVIDE (CALDCO_12MHZ = 0x10fa)
                [!provide]                PROVIDE (CALBC1_12MHZ = 0x10fb)
                [!provide]                PROVIDE (CALDCO_8MHZ = 0x10fc)
                [!provide]                PROVIDE (CALBC1_8MHZ = 0x10fd)
                [!provide]                PROVIDE (CALDCO_1MHZ = 0x10fe)
                [!provide]                PROVIDE (CALBC1_1MHZ = 0x10ff)
                [!provide]                PROVIDE (TLV_CHECKSUM = 0x10c0)
                [!provide]                PROVIDE (TLV_DCO_30_TAG = 0x10f6)
                [!provide]                PROVIDE (TLV_DCO_30_LEN = 0x10f7)
                [!provide]                PROVIDE (TLV_ADC10_1_TAG = 0x10da)
                [!provide]                PROVIDE (TLV_ADC10_1_LEN = 0x10db)
OUTPUT(build/bin/blink.elf elf32-msp430)
